../src/MAX30102_DRIVER/max30102.cpp:24:6:void SetFlagLecturaMAX30102(uint8_t)	0	static
../src/MAX30102_DRIVER/max30102.cpp:29:9:uint8_t GetFlagLecturaMAX30102()	0	static
../src/MAX30102_DRIVER/max30102.cpp:254:6:void MAX30102_Write(uint8_t, uint8_t)	16	static
../src/MAX30102_DRIVER/max30102.cpp:155:6:void MAX30102ResetPointers()	8	static
../src/MAX30102_DRIVER/max30102.cpp:162:9:uint8_t MAX30102InitialConfig()	16	static
../src/MAX30102_DRIVER/max30102.cpp:263:9:uint8_t MAX30102_Read(uint8_t)	8	static
../src/MAX30102_DRIVER/max30102.cpp:277:6:void MAX30102_Read_Sample(uint8_t, uint8_t*)	16	static
../src/MAX30102_DRIVER/max30102.cpp:294:6:void MAX30102_Read_FIFO(uint8_t, uint8_t*, uint8_t)	32	static
../src/MAX30102_DRIVER/max30102.cpp:34:6:void MAX30102()	40	static
